[    0.000000] Linux version 6.1.0-rc7 (root@debian) (gcc (GCC) 12.2.0, GNU ld (GNU Binutils) 2.39) #2 SMP PREEMPT_DYNAMIC Wed Nov 30 19:52:27 CET 2022
[    0.000000] Command line: BOOT_IMAGE=/vmlinuz-6.1-rc7-lmalki-h root=/dev/sda3 ro
[    0.000000] x86/fpu: Supporting XSAVE feature 0x001: 'x87 floating point registers'
[    0.000000] x86/fpu: Supporting XSAVE feature 0x002: 'SSE registers'
[    0.000000] x86/fpu: Supporting XSAVE feature 0x004: 'AVX registers'
[    0.000000] x86/fpu: xstate_offset[2]:  576, xstate_sizes[2]:  256
[    0.000000] x86/fpu: Enabled xstate features 0x7, context size is 832 bytes, using 'standard' format.
[    0.000000] signal: max sigframe size: 1776
[    0.000000] BIOS-provided physical RAM map:
[    0.000000] BIOS-e820: [mem 0x0000000000000000-0x000000000009fbff] usable
[    0.000000] BIOS-e820: [mem 0x000000000009fc00-0x000000000009ffff] reserved
[    0.000000] BIOS-e820: [mem 0x00000000000f0000-0x00000000000fffff] reserved
[    0.000000] BIOS-e820: [mem 0x0000000000100000-0x00000000dffeffff] usable
[    0.000000] BIOS-e820: [mem 0x00000000dfff0000-0x00000000dfffffff] ACPI data
[    0.000000] BIOS-e820: [mem 0x00000000fec00000-0x00000000fec00fff] reserved
[    0.000000] BIOS-e820: [mem 0x00000000fee00000-0x00000000fee00fff] reserved
[    0.000000] BIOS-e820: [mem 0x00000000fffc0000-0x00000000ffffffff] reserved
[    0.000000] BIOS-e820: [mem 0x0000000100000000-0x000000011fffffff] usable
[    0.000000] NX (Execute Disable) protection: active
[    0.000000] SMBIOS 2.5 present.
[    0.000000] DMI: innotek GmbH VirtualBox/VirtualBox, BIOS VirtualBox 12/01/2006
[    0.000000] Hypervisor detected: KVM
[    0.000000] kvm-clock: Using msrs 4b564d01 and 4b564d00
[    0.000001] kvm-clock: using sched offset of 5657415951 cycles
[    0.000002] clocksource: kvm-clock: mask: 0xffffffffffffffff max_cycles: 0x1cd42e4dffb, max_idle_ns: 881590591483 ns
[    0.000003] tsc: Detected 2111.998 MHz processor
[    0.000329] e820: update [mem 0x00000000-0x00000fff] usable ==> reserved
[    0.000331] e820: remove [mem 0x000a0000-0x000fffff] usable
[    0.000333] last_pfn = 0x120000 max_arch_pfn = 0x400000000
[    0.000339] Disabled
[    0.000339] x86/PAT: MTRRs disabled, skipping PAT initialization too.
[    0.000341] CPU MTRRs all blank - virtualized system.
[    0.000343] x86/PAT: Configuration [0-7]: WB  WT  UC- UC  WB  WT  UC- UC  
[    0.000345] last_pfn = 0xdfff0 max_arch_pfn = 0x400000000
[    0.000376] found SMP MP-table at [mem 0x0009fff0-0x0009ffff]
[    0.001055] ACPI: Early table checksum verification disabled
[    0.001058] ACPI: RSDP 0x00000000000E0000 000024 (v02 VBOX  )
[    0.001060] ACPI: XSDT 0x00000000DFFF0030 00003C (v01 VBOX   VBOXXSDT 00000001 ASL  00000061)
[    0.001063] ACPI: FACP 0x00000000DFFF00F0 0000F4 (v04 VBOX   VBOXFACP 00000001 ASL  00000061)
[    0.001066] ACPI: DSDT 0x00000000DFFF0470 002325 (v02 VBOX   VBOXBIOS 00000002 INTL 20200925)
[    0.001068] ACPI: FACS 0x00000000DFFF0200 000040
[    0.001070] ACPI: FACS 0x00000000DFFF0200 000040
[    0.001071] ACPI: APIC 0x00000000DFFF0240 000054 (v02 VBOX   VBOXAPIC 00000001 ASL  00000061)
[    0.001073] ACPI: SSDT 0x00000000DFFF02A0 0001CC (v01 VBOX   VBOXCPUT 00000002 INTL 20200925)
[    0.001074] ACPI: Reserving FACP table memory at [mem 0xdfff00f0-0xdfff01e3]
[    0.001075] ACPI: Reserving DSDT table memory at [mem 0xdfff0470-0xdfff2794]
[    0.001076] ACPI: Reserving FACS table memory at [mem 0xdfff0200-0xdfff023f]
[    0.001076] ACPI: Reserving FACS table memory at [mem 0xdfff0200-0xdfff023f]
[    0.001076] ACPI: Reserving APIC table memory at [mem 0xdfff0240-0xdfff0293]
[    0.001077] ACPI: Reserving SSDT table memory at [mem 0xdfff02a0-0xdfff046b]
[    0.001204] No NUMA configuration found
[    0.001204] Faking a node at [mem 0x0000000000000000-0x000000011fffffff]
[    0.001206] NODE_DATA(0) allocated [mem 0x11fff8000-0x11fffbfff]
[    0.001213] Zone ranges:
[    0.001213]   DMA      [mem 0x0000000000001000-0x0000000000ffffff]
[    0.001214]   DMA32    [mem 0x0000000001000000-0x00000000ffffffff]
[    0.001215]   Normal   [mem 0x0000000100000000-0x000000011fffffff]
[    0.001216] Movable zone start for each node
[    0.001216] Early memory node ranges
[    0.001216]   node   0: [mem 0x0000000000001000-0x000000000009efff]
[    0.001217]   node   0: [mem 0x0000000000100000-0x00000000dffeffff]
[    0.001218]   node   0: [mem 0x0000000100000000-0x000000011fffffff]
[    0.001218] Initmem setup node 0 [mem 0x0000000000001000-0x000000011fffffff]
[    0.001700] On node 0, zone DMA: 1 pages in unavailable ranges
[    0.001710] On node 0, zone DMA: 97 pages in unavailable ranges
[    0.018926] On node 0, zone Normal: 16 pages in unavailable ranges
[    0.019163] ACPI: PM-Timer IO Port: 0x4008
[    0.019203] IOAPIC[0]: apic_id 1, version 32, address 0xfec00000, GSI 0-23
[    0.019205] ACPI: INT_SRC_OVR (bus 0 bus_irq 0 global_irq 2 dfl dfl)
[    0.019206] ACPI: INT_SRC_OVR (bus 0 bus_irq 9 global_irq 9 low level)
[    0.019209] ACPI: Using ACPI (MADT) for SMP configuration information
[    0.019213] smpboot: Allowing 1 CPUs, 0 hotplug CPUs
[    0.019227] PM: hibernation: Registered nosave memory: [mem 0x00000000-0x00000fff]
[    0.019228] PM: hibernation: Registered nosave memory: [mem 0x0009f000-0x0009ffff]
[    0.019229] PM: hibernation: Registered nosave memory: [mem 0x000a0000-0x000effff]
[    0.019229] PM: hibernation: Registered nosave memory: [mem 0x000f0000-0x000fffff]
[    0.019229] PM: hibernation: Registered nosave memory: [mem 0xdfff0000-0xdfffffff]
[    0.019230] PM: hibernation: Registered nosave memory: [mem 0xe0000000-0xfebfffff]
[    0.019230] PM: hibernation: Registered nosave memory: [mem 0xfec00000-0xfec00fff]
[    0.019231] PM: hibernation: Registered nosave memory: [mem 0xfec01000-0xfedfffff]
[    0.019231] PM: hibernation: Registered nosave memory: [mem 0xfee00000-0xfee00fff]
[    0.019231] PM: hibernation: Registered nosave memory: [mem 0xfee01000-0xfffbffff]
[    0.019232] PM: hibernation: Registered nosave memory: [mem 0xfffc0000-0xffffffff]
[    0.019232] [mem 0xe0000000-0xfebfffff] available for PCI devices
[    0.019233] Booting paravirtualized kernel on KVM
[    0.019235] clocksource: refined-jiffies: mask: 0xffffffff max_cycles: 0xffffffff, max_idle_ns: 1910969940391419 ns
[    0.022584] setup_percpu: NR_CPUS:64 nr_cpumask_bits:1 nr_cpu_ids:1 nr_node_ids:1
[    0.023122] percpu: Embedded 53 pages/cpu s176552 r8192 d32344 u2097152
[    0.023126] pcpu-alloc: s176552 r8192 d32344 u2097152 alloc=1*2097152
[    0.023127] pcpu-alloc: [0] 0 
[    0.023139] Fallback order for Node 0: 0 
[    0.023140] Built 1 zonelists, mobility grouping on.  Total pages: 1031920
[    0.023141] Policy zone: Normal
[    0.023141] Kernel command line: BOOT_IMAGE=/vmlinuz-6.1-rc7-lmalki-h root=/dev/sda3 ro
[    0.023158] Unknown kernel command line parameters "BOOT_IMAGE=/vmlinuz-6.1-rc7-lmalki-h", will be passed to user space.
[    0.023173] random: crng init done
[    0.024189] Dentry cache hash table entries: 524288 (order: 10, 4194304 bytes, linear)
[    0.024648] Inode-cache hash table entries: 262144 (order: 9, 2097152 bytes, linear)
[    0.024674] mem auto-init: stack:all(zero), heap alloc:off, heap free:off
[    0.024677] software IO TLB: area num 1.
[    0.054160] Memory: 4019796K/4193848K available (16396K kernel code, 2685K rwdata, 4776K rodata, 1536K init, 904K bss, 173792K reserved, 0K cma-reserved)
[    0.054182] SLUB: HWalign=64, Order=0-3, MinObjects=0, CPUs=1, Nodes=1
[    0.054187] Kernel/User page tables isolation: enabled
[    0.054942] Dynamic Preempt: voluntary
[    0.055352] rcu: Preemptible hierarchical RCU implementation.
[    0.055352] rcu: 	RCU event tracing is enabled.
[    0.055353] rcu: 	RCU restricting CPUs from NR_CPUS=64 to nr_cpu_ids=1.
[    0.055353] 	Trampoline variant of Tasks RCU enabled.
[    0.055354] rcu: RCU calculated value of scheduler-enlistment delay is 100 jiffies.
[    0.055355] rcu: Adjusting geometry for rcu_fanout_leaf=16, nr_cpu_ids=1
[    0.056018] NR_IRQS: 4352, nr_irqs: 256, preallocated irqs: 16
[    0.056167] rcu: srcu_init: Setting srcu_struct sizes based on contention.
[    0.059580] Console: colour VGA+ 80x25
[    0.077816] printk: console [tty0] enabled
[    0.077945] ACPI: Core revision 20220331
[    0.078118] APIC: Switch to symmetric I/O mode setup
[    0.078401] x2apic enabled
[    0.078638] Switched APIC routing to physical x2apic.
[    0.079501] ..TIMER: vector=0x30 apic1=0 pin1=2 apic2=-1 pin2=-1
[    0.079667] clocksource: tsc-early: mask: 0xffffffffffffffff max_cycles: 0x1e71768ef8b, max_idle_ns: 440795218977 ns
[    0.079920] Calibrating delay loop (skipped) preset value.. 4223.99 BogoMIPS (lpj=2111998)
[    0.080131] pid_max: default: 32768 minimum: 301
[    0.080267] LSM: Security Framework initializing
[    0.080419] Mount-cache hash table entries: 8192 (order: 4, 65536 bytes, linear)
[    0.080660] Mountpoint-cache hash table entries: 8192 (order: 4, 65536 bytes, linear)
[    0.080916] process: using mwait in idle threads
[    0.080916] Last level iTLB entries: 4KB 0, 2MB 0, 4MB 0
[    0.080916] Last level dTLB entries: 4KB 0, 2MB 0, 4MB 0, 1GB 0
[    0.080916] Spectre V1 : Mitigation: usercopy/swapgs barriers and __user pointer sanitization
[    0.080916] Spectre V2 : Mitigation: Retpolines
[    0.080916] Spectre V2 : Spectre v2 / SpectreRSB mitigation: Filling RSB on context switch
[    0.080916] Spectre V2 : Spectre v2 / SpectreRSB : Filling RSB on VMEXIT
[    0.080916] Speculative Store Bypass: Vulnerable
[    0.080916] MDS: Mitigation: Clear CPU buffers
[    0.094391] Freeing SMP alternatives memory: 48K
[    0.198387] smpboot: CPU0: 12th Gen Intel(R) Core(TM) i7-12700 (family: 0x6, model: 0x97, stepping: 0x2)
[    0.198704] cblist_init_generic: Setting adjustable number of callback queues.
[    0.198909] cblist_init_generic: Setting shift to 0 and lim to 1.
[    0.198916] Performance Events: unsupported p6 CPU model 151 no PMU driver, software events only.
[    0.198916] rcu: Hierarchical SRCU implementation.
[    0.198916] rcu: 	Max phase no-delay instances is 400.
[    0.198916] smp: Bringing up secondary CPUs ...
[    0.198916] smp: Brought up 1 node, 1 CPU
[    0.198916] smpboot: Max logical packages: 1
[    0.198916] smpboot: Total of 1 processors activated (4223.99 BogoMIPS)
[    0.198916] devtmpfs: initialized
[    0.198966] clocksource: jiffies: mask: 0xffffffff max_cycles: 0xffffffff, max_idle_ns: 1911260446275000 ns
[    0.199206] futex hash table entries: 256 (order: 2, 16384 bytes, linear)
[    0.199918] PM: RTC time: 13:23:02, date: 2022-12-01
[    0.200084] NET: Registered PF_NETLINK/PF_ROUTE protocol family
[    0.200288] thermal_sys: Registered thermal governor 'step_wise'
[    0.200288] thermal_sys: Registered thermal governor 'user_space'
[    0.200455] cpuidle: using governor menu
[    0.200931] PCI: Using configuration type 1 for base access
[    0.202111] kprobes: kprobe jump-optimization is enabled. All kprobes are optimized if possible.
[    0.241948] HugeTLB: registered 2.00 MiB page size, pre-allocated 0 pages
[    0.242132] HugeTLB: 28 KiB vmemmap can be freed for a 2.00 MiB page
[    0.242358] ACPI: Added _OSI(Module Device)
[    0.242481] ACPI: Added _OSI(Processor Device)
[    0.242607] ACPI: Added _OSI(3.0 _SCP Extensions)
[    0.242737] ACPI: Added _OSI(Processor Aggregator Device)
[    0.244091] ACPI: 2 ACPI AML tables successfully acquired and loaded
[    0.244752] ACPI: Interpreter enabled
[    0.244870] ACPI: PM: (supports S0 S5)
[    0.244916] ACPI: Using IOAPIC for interrupt routing
[    0.244916] PCI: Using host bridge windows from ACPI; if necessary, use "pci=nocrs" and report a bug
[    0.244916] PCI: Using E820 reservations for host bridge windows
[    0.244916] ACPI: Enabled 2 GPEs in block 00 to 07
[    0.246682] ACPI: PCI Root Bridge [PCI0] (domain 0000 [bus 00-ff])
[    0.246841] acpi PNP0A03:00: _OSC: OS supports [ASPM ClockPM Segments MSI HPX-Type3]
[    0.246916] acpi PNP0A03:00: _OSC: not requesting OS control; OS requires [ExtendedConfig ASPM ClockPM MSI]
[    0.246916] acpi PNP0A03:00: fail to add MMCONFIG information, can't access extended PCI configuration space under this bridge.
[    0.247975] PCI host bridge to bus 0000:00
[    0.248099] pci_bus 0000:00: root bus resource [io  0x0000-0x0cf7 window]
[    0.248265] pci_bus 0000:00: root bus resource [io  0x0d00-0xffff window]
[    0.248430] pci_bus 0000:00: root bus resource [mem 0x000a0000-0x000bffff window]
[    0.248628] pci_bus 0000:00: root bus resource [mem 0xe0000000-0xfdffffff window]
[    0.248825] pci_bus 0000:00: root bus resource [bus 00-ff]
[    0.248993] pci 0000:00:00.0: [8086:1237] type 00 class 0x060000
[    0.249385] pci 0000:00:01.0: [8086:7000] type 00 class 0x060100
[    0.249892] pci 0000:00:01.1: [8086:7111] type 00 class 0x01018a
[    0.250095] pci 0000:00:01.1: reg 0x20: [io  0xd000-0xd00f]
[    0.250315] pci 0000:00:01.1: legacy IDE quirk: reg 0x10: [io  0x01f0-0x01f7]
[    0.250486] pci 0000:00:01.1: legacy IDE quirk: reg 0x14: [io  0x03f6]
[    0.250647] pci 0000:00:01.1: legacy IDE quirk: reg 0x18: [io  0x0170-0x0177]
[    0.250818] pci 0000:00:01.1: legacy IDE quirk: reg 0x1c: [io  0x0376]
[    0.250991] pci 0000:00:02.0: [15ad:0405] type 00 class 0x030000
[    0.252928] pci 0000:00:02.0: reg 0x10: [io  0xd010-0xd01f]
[    0.254053] pci 0000:00:02.0: reg 0x14: [mem 0xe0000000-0xe0ffffff pref]
[    0.255050] pci 0000:00:02.0: reg 0x18: [mem 0xf0000000-0xf01fffff]
[    0.258986] pci 0000:00:02.0: Video device with shadowed ROM at [mem 0x000c0000-0x000dffff]
[    0.259372] pci 0000:00:03.0: [8086:100e] type 00 class 0x020000
[    0.259989] pci 0000:00:03.0: reg 0x10: [mem 0xf0200000-0xf021ffff]
[    0.260967] pci 0000:00:03.0: reg 0x18: [io  0xd020-0xd027]
[    0.263663] pci 0000:00:04.0: [80ee:cafe] type 00 class 0x088000
[    0.263968] pci 0000:00:04.0: reg 0x10: [io  0xd040-0xd05f]
[    0.264955] pci 0000:00:04.0: reg 0x14: [mem 0xf0400000-0xf07fffff]
[    0.265618] pci 0000:00:04.0: reg 0x18: [mem 0xf0800000-0xf0803fff pref]
[    0.267941] pci 0000:00:05.0: [8086:2415] type 00 class 0x040100
[    0.268168] pci 0000:00:05.0: reg 0x10: [io  0xd100-0xd1ff]
[    0.268344] pci 0000:00:05.0: reg 0x14: [io  0xd200-0xd23f]
[    0.268729] pci 0000:00:06.0: [106b:003f] type 00 class 0x0c0310
[    0.268968] pci 0000:00:06.0: reg 0x10: [mem 0xf0804000-0xf0804fff]
[    0.272575] pci 0000:00:07.0: [8086:7113] type 00 class 0x068000
[    0.273004] pci 0000:00:07.0: quirk: [io  0x4000-0x403f] claimed by PIIX4 ACPI
[    0.273202] pci 0000:00:07.0: quirk: [io  0x4100-0x410f] claimed by PIIX4 SMB
[    0.273494] pci 0000:00:0b.0: [8086:265c] type 00 class 0x0c0320
[    0.273967] pci 0000:00:0b.0: reg 0x10: [mem 0xf0805000-0xf0805fff]
[    0.279801] ACPI: PCI: Interrupt link LNKA configured for IRQ 11
[    0.279945] ACPI: PCI: Interrupt link LNKB configured for IRQ 10
[    0.280142] ACPI: PCI: Interrupt link LNKC configured for IRQ 9
[    0.280368] ACPI: PCI: Interrupt link LNKD configured for IRQ 11
[    0.280595] iommu: Default domain type: Translated 
[    0.280729] iommu: DMA domain TLB invalidation policy: lazy mode 
[    0.280916] SCSI subsystem initialized
[    0.280916] libata version 3.00 loaded.
[    0.280916] ACPI: bus type USB registered
[    0.280916] usbcore: registered new interface driver usbfs
[    0.280916] usbcore: registered new interface driver hub
[    0.280916] usbcore: registered new device driver usb
[    0.280916] pps_core: LinuxPPS API ver. 1 registered
[    0.280916] pps_core: Software ver. 5.3.6 - Copyright 2005-2007 Rodolfo Giometti <giometti@linux.it>
[    0.280916] PTP clock support registered
[    0.280916] Advanced Linux Sound Architecture Driver Initialized.
[    0.280961] NetLabel: Initializing
[    0.281076] NetLabel:  domain hash size = 128
[    0.281200] NetLabel:  protocols = UNLABELED CIPSOv4 CALIPSO
[    0.281358] NetLabel:  unlabeled traffic allowed by default
[    0.281522] PCI: Using ACPI for IRQ routing
[    0.281643] PCI: pci_cache_line_size set to 64 bytes
[    0.282967] e820: reserve RAM buffer [mem 0x0009fc00-0x0009ffff]
[    0.282970] e820: reserve RAM buffer [mem 0xdfff0000-0xdfffffff]
[    0.282988] pci 0000:00:02.0: vgaarb: setting as boot VGA device
[    0.283140] pci 0000:00:02.0: vgaarb: bridge control possible
[    0.283288] pci 0000:00:02.0: vgaarb: VGA device added: decodes=io+mem,owns=io+mem,locks=none
[    0.283502] vgaarb: loaded
[    0.283633] clocksource: Switched to clocksource kvm-clock
[    0.287957] VFS: Disk quotas dquot_6.6.0
[    0.288086] VFS: Dquot-cache hash table entries: 512 (order 0, 4096 bytes)
[    0.288275] pnp: PnP ACPI init
[    0.288729] pnp: PnP ACPI: found 2 devices
[    0.293794] clocksource: acpi_pm: mask: 0xffffff max_cycles: 0xffffff, max_idle_ns: 2085701024 ns
[    0.294036] NET: Registered PF_INET protocol family
[    0.294768] IP idents hash table entries: 65536 (order: 7, 524288 bytes, linear)
[    0.295414] tcp_listen_portaddr_hash hash table entries: 2048 (order: 3, 32768 bytes, linear)
[    0.295639] Table-perturb hash table entries: 65536 (order: 6, 262144 bytes, linear)
[    0.295732] TCP established hash table entries: 32768 (order: 6, 262144 bytes, linear)
[    0.295732] TCP bind hash table entries: 32768 (order: 8, 1048576 bytes, linear)
[    0.295732] TCP: Hash tables configured (established 32768 bind 32768)
[    0.295732] UDP hash table entries: 2048 (order: 4, 65536 bytes, linear)
[    0.297187] UDP-Lite hash table entries: 2048 (order: 4, 65536 bytes, linear)
[    0.297376] NET: Registered PF_UNIX/PF_LOCAL protocol family
[    0.297564] RPC: Registered named UNIX socket transport module.
[    0.297715] RPC: Registered udp transport module.
[    0.297844] RPC: Registered tcp transport module.
[    0.297974] RPC: Registered tcp NFSv4.1 backchannel transport module.
[    0.298165] pci_bus 0000:00: resource 4 [io  0x0000-0x0cf7 window]
[    0.298165] pci_bus 0000:00: resource 5 [io  0x0d00-0xffff window]
[    0.298165] pci_bus 0000:00: resource 6 [mem 0x000a0000-0x000bffff window]
[    0.298165] pci_bus 0000:00: resource 7 [mem 0xe0000000-0xfdffffff window]
[    0.298944] pci 0000:00:00.0: Limiting direct PCI/PCI transfers
[    0.308294] PCI: CLS 0 bytes, default 64
[    0.308475] PCI-DMA: Using software bounce buffering for IO (SWIOTLB)
[    0.308646] software IO TLB: mapped [mem 0x00000000dbff0000-0x00000000dfff0000] (64MB)
[    0.308883] RAPL PMU: API unit is 2^-32 Joules, 0 fixed counters, 10737418240 ms ovfl timer
[    0.308950] clocksource: tsc: mask: 0xffffffffffffffff max_cycles: 0x1e71768ef8b, max_idle_ns: 440795218977 ns
[    0.308950] clocksource: Switched to clocksource tsc
[    0.308950] platform rtc_cmos: registered platform RTC device (no PNP device found)
[    0.308950] Initialise system trusted keyrings
[    0.308950] workingset: timestamp_bits=40 max_order=20 bucket_order=0
[    0.310615] NFS: Registering the id_resolver key type
[    0.310754] Key type id_resolver registered
[    0.310877] Key type id_legacy registered
[    0.311010] 9p: Installing v9fs 9p2000 file system support
[    0.311400] Key type asymmetric registered
[    0.311400] Asymmetric key parser 'x509' registered
[    0.311400] Block layer SCSI generic (bsg) driver version 0.4 loaded (major 251)
[    0.311400] io scheduler mq-deadline registered
[    0.311400] io scheduler kyber registered
[    0.316288] ACPI: AC: AC Adapter [AC] (on-line)
[    0.316504] input: Power Button as /devices/LNXSYSTM:00/LNXPWRBN:00/input/input0
[    0.316755] ACPI: button: Power Button [PWRF]
[    0.316928] input: Sleep Button as /devices/LNXSYSTM:00/LNXSLPBN:00/input/input1
[    0.317142] ACPI: button: Sleep Button [SLPF]
[    0.317320] ACPI: video: Video Device [GFX0] (multi-head: yes  rom: no  post: no)
[    0.317528] input: Video Bus as /devices/LNXSYSTM:00/LNXSYBUS:00/PNP0A03:00/LNXVIDEO:00/input/input2
[    0.317813] Serial: 8250/16550 driver, 4 ports, IRQ sharing enabled
[    0.318077] Non-volatile memory driver v1.3
[    0.318200] Linux agpgart interface v0.103
[    0.318355] ACPI: bus type drm_connector registered
[    0.320644] loop: module loaded
[    0.320787] ata_piix 0000:00:01.1: version 2.13
[    0.320987] scsi host0: ata_piix
[    0.321126] scsi host1: ata_piix
[    0.321240] ata1: PATA max UDMA/33 cmd 0x1f0 ctl 0x3f6 bmdma 0xd000 irq 14
[    0.321408] ata2: PATA max UDMA/33 cmd 0x170 ctl 0x376 bmdma 0xd008 irq 15
[    0.321529] e100: Intel(R) PRO/100 Network Driver
[    0.321529] e100: Copyright(c) 1999-2006 Intel Corporation
[    0.321529] e1000: Intel(R) PRO/1000 Network Driver
[    0.321529] e1000: Copyright (c) 1999-2006 Intel Corporation.
[    0.483768] ata1.00: ATA-6: VBOX HARDDISK, 1.0, max UDMA/133
[    0.483921] ata1.00: 55924032 sectors, multi 128: LBA 
[    0.484318] ata2.00: ATAPI: VBOX CD-ROM, 1.0, max UDMA/133
[    0.488648] scsi 0:0:0:0: Direct-Access     ATA      VBOX HARDDISK    1.0  PQ: 0 ANSI: 5
[    0.488935] scsi 0:0:0:0: Attached scsi generic sg0 type 0
[    0.488945] sd 0:0:0:0: [sda] 55924032 512-byte logical blocks: (28.6 GB/26.7 GiB)
[    0.488945] sd 0:0:0:0: [sda] Write Protect is off
[    0.488945] sd 0:0:0:0: [sda] Mode Sense: 00 3a 00 00
[    0.488945] sd 0:0:0:0: [sda] Write cache: enabled, read cache: enabled, doesn't support DPO or FUA
[    0.488945] sd 0:0:0:0: [sda] Preferred minimum I/O size 512 bytes
[    0.490151] scsi 1:0:0:0: CD-ROM            VBOX     CD-ROM           1.0  PQ: 0 ANSI: 5
[    0.490654]  sda: sda1 sda2 sda3
[    0.490813] sd 0:0:0:0: [sda] Attached SCSI disk
[    0.525318] sr 1:0:0:0: [sr0] scsi3-mmc drive: 32x/32x xa/form2 tray
[    0.525481] cdrom: Uniform CD-ROM driver Revision: 3.20
[    0.556068] sr 1:0:0:0: Attached scsi CD-ROM sr0
[    0.556175] sr 1:0:0:0: Attached scsi generic sg1 type 5
[    0.628948] e1000 0000:00:03.0 eth0: (PCI:33MHz:32-bit) 08:00:27:13:78:35
[    0.628948] e1000 0000:00:03.0 eth0: Intel(R) PRO/1000 Network Connection
[    0.628948] e1000e: Intel(R) PRO/1000 Network Driver
[    0.628948] e1000e: Copyright(c) 1999 - 2015 Intel Corporation.
[    0.628948] sky2: driver version 1.30
[    0.631420] ehci-pci 0000:00:0b.0: EHCI Host Controller
[    0.631573] ehci-pci 0000:00:0b.0: new USB bus registered, assigned bus number 1
[    0.631872] ehci-pci 0000:00:0b.0: irq 19, io mem 0xf0805000
[    0.639343] ehci-pci 0000:00:0b.0: USB 2.0 started, EHCI 1.00
[    0.639531] usb usb1: New USB device found, idVendor=1d6b, idProduct=0002, bcdDevice= 6.01
[    0.639797] usb usb1: New USB device strings: Mfr=3, Product=2, SerialNumber=1
[    0.640007] usb usb1: Product: EHCI Host Controller
[    0.640157] usb usb1: Manufacturer: Linux 6.1.0-rc7 ehci_hcd
[    0.640312] usb usb1: SerialNumber: 0000:00:0b.0
[    0.640313] hub 1-0:1.0: USB hub found
[    0.640313] hub 1-0:1.0: 12 ports detected
[    0.641065] ohci-pci 0000:00:06.0: OHCI PCI host controller
[    0.641225] ohci-pci 0000:00:06.0: new USB bus registered, assigned bus number 2
[    0.641453] ohci-pci 0000:00:06.0: irq 22, io mem 0xf0804000
[    0.694146] usb usb2: New USB device found, idVendor=1d6b, idProduct=0001, bcdDevice= 6.01
[    0.694368] usb usb2: New USB device strings: Mfr=3, Product=2, SerialNumber=1
[    0.694565] usb usb2: Product: OHCI PCI host controller
[    0.694716] usb usb2: Manufacturer: Linux 6.1.0-rc7 ohci_hcd
[    0.694879] usb usb2: SerialNumber: 0000:00:06.0
[    0.695043] hub 2-0:1.0: USB hub found
[    0.695090] hub 2-0:1.0: 12 ports detected
[    0.695495] usbcore: registered new interface driver usblp
[    0.695644] usbcore: registered new interface driver usb-storage
[    0.695813] i8042: PNP: PS/2 Controller [PNP0303:PS2K,PNP0f03:PS2M] at 0x60,0x64 irq 1,12
[    0.696353] serio: i8042 KBD port at 0x60,0x64 irq 1
[    0.696504] serio: i8042 AUX port at 0x60,0x64 irq 12
[    0.696792] input: AT Translated Set 2 keyboard as /devices/platform/i8042/serio0/input/input3
[    0.697698] rtc_cmos rtc_cmos: registered as rtc0
[    0.697834] rtc_cmos rtc_cmos: alarms up to one day, 114 bytes nvram
[    0.698042] fail to initialize ptp_kvm
[    0.698066] device-mapper: ioctl: 4.47.0-ioctl (2022-07-28) initialised: dm-devel@redhat.com
[    0.698402] intel_pstate: CPU model not supported
[    0.698539] hid: raw HID events driver (C) Jiri Kosina
[    0.698725] usbcore: registered new interface driver usbhid
[    0.698871] usbhid: USB HID core driver
[    0.699001] Initializing XFRM netlink socket
[    0.699001] NET: Registered PF_INET6 protocol family
[    0.700173] Segment Routing with IPv6
[    0.700295] In-situ OAM (IOAM) with IPv6
[    0.700439] sit: IPv6, IPv4 and MPLS over IPv4 tunneling driver
[    0.700647] NET: Registered PF_PACKET protocol family
[    0.700797] 9pnet: Installing 9P2000 support
[    0.700925] Key type dns_resolver registered
[    0.701015] IPI shorthand broadcast: enabled
[    0.701015] sched_clock: Marking stable (676311458, 23703927)->(700787932, -772547)
[    0.701453] registered taskstats version 1
[    0.701582] Loading compiled-in X.509 certificates
[    0.701755] cryptomgr_test (43) used greatest stack depth: 15680 bytes left
[    0.701942] cryptomgr_test (46) used greatest stack depth: 15520 bytes left
[    0.702295] PM:   Magic number: 2:313:381
[    0.702443] printk: console [netcon0] enabled
[    0.702572] netconsole: network logging started
[    0.702739] cfg80211: Loading compiled-in X.509 certificates for regulatory database
[    0.702986] kworker/u2:1 (65) used greatest stack depth: 14752 bytes left
[    0.703244] cfg80211: Loaded X.509 cert 'sforshee: 00b28ddf47aef9cea7'
[    0.703408] ALSA device list:
[    0.703510]   No soundcards found.
[    0.703635] platform regulatory.0: Direct firmware load for regulatory.db failed with error -2
[    0.703861] cfg80211: failed to load regulatory.db
[    0.905068] input: ImExPS/2 Generic Explorer Mouse as /devices/platform/i8042/serio1/input/input5
[    0.905409] md: Waiting for all devices to be available before autodetect
[    0.905585] md: If you don't use raid, use raid=noautodetect
[    0.905738] md: Autodetecting RAID arrays.
[    0.905870] md: autorun ...
[    0.905971] md: ... autorun DONE.
[    0.987442] usb 2-1: new full-speed USB device number 2 using ohci-pci
[    1.034314] EXT4-fs (sda3): INFO: recovery required on readonly filesystem
[    1.034503] EXT4-fs (sda3): write access will be enabled during recovery
[    1.220185] usb 2-1: New USB device found, idVendor=80ee, idProduct=0021, bcdDevice= 1.00
[    1.220424] usb 2-1: New USB device strings: Mfr=1, Product=3, SerialNumber=0
[    1.220605] usb 2-1: Product: USB Tablet
[    1.220726] usb 2-1: Manufacturer: VirtualBox
[    1.231856] input: VirtualBox USB Tablet as /devices/pci0000:00/0000:00:06.0/usb2/2-1/2-1:1.0/0003:80EE:0021.0001/input/input6
[    1.232154] hid-generic 0003:80EE:0021.0001: input,hidraw0: USB HID v1.10 Mouse [VirtualBox USB Tablet] on usb-0000:00:06.0-1/input0
[    1.985823] EXT4-fs (sda3): recovery complete
[    1.986790] EXT4-fs (sda3): mounted filesystem with ordered data mode. Quota mode: none.
[    1.987021] VFS: Mounted root (ext4 filesystem) readonly on device 8:3.
[    2.085237] devtmpfs: mounted
[    2.085560] Freeing unused kernel image (initmem) memory: 1536K
[    2.085752] Write protecting the kernel read-only data: 24576k
[    2.086149] Freeing unused kernel image (text/rodata gap) memory: 2032K
[    2.086516] Freeing unused kernel image (rodata/data gap) memory: 1368K
[    2.115107] x86/mm: Checked W+X mappings: passed, no W+X pages found.
[    2.115291] x86/mm: Checking user space page tables
[    2.143480] x86/mm: Checked W+X mappings: passed, no W+X pages found.
[    2.143653] Run /sbin/init as init process
[    2.143805]   with arguments:
[    2.143806]     /sbin/init
[    2.143806]   with environment:
[    2.143807]     HOME=/
[    2.143807]     TERM=linux
[    2.143808]     BOOT_IMAGE=/vmlinuz-6.1-rc7-lmalki-h
[    4.795214] systemd[1]: RTC configured in localtime, applying delta of 60 minutes to system time.
[    4.873427] systemd[1]: systemd 251 running in system mode (-PAM -AUDIT -SELINUX -APPARMOR +IMA +SMACK -SECCOMP -GCRYPT -GNUTLS +OPENSSL +ACL +BLKID -CURL -ELFUTILS -FIDO2 -IDN2 -IDN -IPTC +KMOD -LIBCRYPTSETUP +LIBFDISK -PCRE2 -PWQUALITY -P11KIT -QRENCODE -TPM2 +BZIP2 -LZ4 +XZ +ZLIB +ZSTD -BPF_FRAMEWORK -XKBCOMMON +UTMP +SYSVINIT default-hierarchy=unified)
[    4.874142] systemd[1]: Detected virtualization oracle.
[    4.874287] systemd[1]: Detected architecture x86-64.
[    5.067915] systemd[1]: Hostname set to <lmalki-h>.
[    5.738811] systemd-system- (80) used greatest stack depth: 13384 bytes left
[    6.733609] systemd[1]: Queued start job for default target Graphical Interface.
[    6.736166] systemd[1]: Created slice Slice /system/getty.
[    6.736655] systemd[1]: Created slice Slice /system/modprobe.
[    6.737080] systemd[1]: Created slice Slice /system/systemd-fsck.
[    6.737496] systemd[1]: Created slice User and Session Slice.
[    6.737852] systemd[1]: Started Dispatch Password Requests to Console Directory Watch.
[    6.738293] systemd[1]: Started Forward Password Requests to Wall Directory Watch.
[    6.738767] systemd[1]: Set up automount Arbitrary Executable File Formats File System Automount Point.
[    6.739235] systemd[1]: Reached target Path Units.
[    6.739536] systemd[1]: Reached target Remote File Systems.
[    6.739863] systemd[1]: Reached target Slice Units.
[    6.740642] systemd[1]: Listening on Process Core Dump Socket.
[    6.741028] systemd[1]: Listening on initctl Compatibility Named Pipe.
[    7.315249] systemd[1]: Journal Audit Socket was skipped because of a failed condition check (ConditionSecurity=audit).
[    7.315628] systemd[1]: Listening on Journal Socket (/dev/log).
[    7.316016] systemd[1]: Listening on Journal Socket.
[    7.316404] systemd[1]: Listening on Network Service Netlink Socket.
[    7.316781] systemd[1]: Listening on Userspace Out-Of-Memory (OOM) Killer Socket.
[    7.405219] systemd[1]: Listening on udev Control Socket.
[    7.405597] systemd[1]: Listening on udev Kernel Socket.
[    7.408147] systemd[1]: Mounting Huge Pages File System...
[    7.408836] systemd[1]: Mounting POSIX Message Queue File System...
[    7.409488] systemd[1]: Mounting Kernel Debug File System...
[    7.410161] systemd[1]: Mounting Kernel Trace File System...
[    7.410815] systemd[1]: Create List of Static Device Nodes was skipped because of a failed condition check (ConditionFileNotEmpty=/lib/modules/6.1.0-rc7/modules.devname).
[    7.411494] systemd[1]: Starting Load Kernel Module configfs...
[    7.412142] systemd[1]: Starting Load Kernel Module drm...
[    7.412808] systemd[1]: Starting Load Kernel Module fuse...
[    7.413432] systemd[1]: Starting File System Check on Root Device...
[    7.413842] systemd[1]: systemd-journald.service: unit configures an IP firewall, but the local system does not support BPF/cgroup firewalling.
[    7.414135] systemd[1]: (This warning is only shown for the first unit using IP firewalling.)
[    7.414601] systemd[1]: Starting Journal Service...
[    7.666691] systemd[1]: Load Kernel Modules was skipped because all trigger condition checks failed.
[    7.670199] systemd[1]: Starting Generate network units from Kernel command line...
[    7.670673] systemd[1]: Repartition Root Disk was skipped because all trigger condition checks failed.
[    7.671268] systemd[1]: Starting Apply Kernel Variables...
[    7.671901] systemd[1]: Starting Create Static Device Nodes in /dev...
[    7.672580] systemd[1]: Starting Coldplug All udev Devices...
[    7.673542] systemd[1]: modprobe@configfs.service: Deactivated successfully.
[    7.673909] systemd[1]: Finished Load Kernel Module configfs.
[    7.674377] systemd[1]: modprobe@drm.service: Deactivated successfully.
[    7.674908] systemd[1]: Finished Load Kernel Module drm.
[    7.675321] systemd[1]: modprobe@fuse.service: Deactivated successfully.
[    7.675715] systemd[1]: Finished Load Kernel Module fuse.
[    7.676133] systemd[1]: FUSE Control File System was skipped because of a failed condition check (ConditionPathExists=/sys/fs/fuse/connections).
[    7.676486] systemd[1]: Kernel Configuration File System was skipped because of a failed condition check (ConditionPathExists=/sys/kernel/config).
[    8.165163] systemd[1]: Finished Generate network units from Kernel command line.
[    8.165643] systemd[1]: Reached target Preparation for Network.
[    8.418178] systemd[1]: Mounted Huge Pages File System.
[    8.418550] systemd[1]: Mounted POSIX Message Queue File System.
[    8.418919] systemd[1]: Mounted Kernel Debug File System.
[    8.419692] systemd[1]: Mounted Kernel Trace File System.
[    8.560362] systemd[1]: Started Journal Service.
[   10.130764] EXT4-fs (sda3): re-mounted. Quota mode: none.
[   10.249053] systemd-journald[91]: Received client request to flush runtime journal.
[   10.596109] systemd-journald[91]: File /var/log/journal/c712eb5817fc48f884acf1765b8a2866/system.journal corrupted or uncleanly shut down, renaming and replacing.
[   13.189380] e1000: eth0 NIC Link is Up 1000 Mbps Full Duplex, Flow Control: RX
[   13.189907] IPv6: ADDRCONF(NETDEV_CHANGE): eth0: link becomes ready
[   13.417424] Adding 1048572k swap on /dev/sda2.  Priority:1 extents:1 across:1048572k 
[   13.651797] EXT4-fs (sda1): mounting ext2 file system using the ext4 subsystem
[   13.716859] EXT4-fs (sda1): mounted filesystem without journal. Quota mode: none.
[   15.001823] loadkeys (145) used greatest stack depth: 13136 bytes left
