[    0.000000] Linux version 6.1.0-rc7-next-20221202 (root@corozco) (gcc (GCC) 12.2.0, GNU ld (GNU Binutils) 2.39) #1 SMP PREEMPT_DYNAMIC Sat Dec  3 17:04:33 CET 2022
[    0.000000] Command line: BOOT_IMAGE=/vmlinuz-next-20221202 root=/dev/sda3 ro
[    0.000000] x86/fpu: Supporting XSAVE feature 0x001: 'x87 floating point registers'
[    0.000000] x86/fpu: Supporting XSAVE feature 0x002: 'SSE registers'
[    0.000000] x86/fpu: Supporting XSAVE feature 0x004: 'AVX registers'
[    0.000000] x86/fpu: xstate_offset[2]:  576, xstate_sizes[2]:  256
[    0.000000] x86/fpu: Enabled xstate features 0x7, context size is 832 bytes, using 'standard' format.
[    0.000000] signal: max sigframe size: 1776
[    0.000000] BIOS-provided physical RAM map:
[    0.000000] BIOS-e820: [mem 0x0000000000000000-0x000000000009fbff] usable
[    0.000000] BIOS-e820: [mem 0x000000000009fc00-0x000000000009ffff] reserved
[    0.000000] BIOS-e820: [mem 0x00000000000f0000-0x00000000000fffff] reserved
[    0.000000] BIOS-e820: [mem 0x0000000000100000-0x00000000dffeffff] usable
[    0.000000] BIOS-e820: [mem 0x00000000dfff0000-0x00000000dfffffff] ACPI data
[    0.000000] BIOS-e820: [mem 0x00000000fec00000-0x00000000fec00fff] reserved
[    0.000000] BIOS-e820: [mem 0x00000000fee00000-0x00000000fee00fff] reserved
[    0.000000] BIOS-e820: [mem 0x00000000fffc0000-0x00000000ffffffff] reserved
[    0.000000] BIOS-e820: [mem 0x0000000100000000-0x000000021fffffff] usable
[    0.000000] NX (Execute Disable) protection: active
[    0.000000] SMBIOS 2.5 present.
[    0.000000] DMI: innotek GmbH VirtualBox/VirtualBox, BIOS VirtualBox 12/01/2006
[    0.000000] Hypervisor detected: KVM
[    0.000000] kvm-clock: Using msrs 4b564d01 and 4b564d00
[    0.000001] kvm-clock: using sched offset of 79411885109 cycles
[    0.000002] clocksource: kvm-clock: mask: 0xffffffffffffffff max_cycles: 0x1cd42e4dffb, max_idle_ns: 881590591483 ns
[    0.000003] tsc: Detected 2111.998 MHz processor
[    0.000346] e820: update [mem 0x00000000-0x00000fff] usable ==> reserved
[    0.000347] e820: remove [mem 0x000a0000-0x000fffff] usable
[    0.000350] last_pfn = 0x220000 max_arch_pfn = 0x400000000
[    0.000357] Disabled
[    0.000359] x86/PAT: Configuration [0-7]: WB  WC  UC- UC  WB  WP  UC- WT  
[    0.000373] last_pfn = 0xdfff0 max_arch_pfn = 0x400000000
[    0.000406] found SMP MP-table at [mem 0x0009fff0-0x0009ffff]
[    0.001247] ACPI: Early table checksum verification disabled
[    0.001251] ACPI: RSDP 0x00000000000E0000 000024 (v02 VBOX  )
[    0.001277] ACPI: XSDT 0x00000000DFFF0030 00003C (v01 VBOX   VBOXXSDT 00000001 ASL  00000061)
[    0.001282] ACPI: FACP 0x00000000DFFF00F0 0000F4 (v04 VBOX   VBOXFACP 00000001 ASL  00000061)
[    0.001286] ACPI: DSDT 0x00000000DFFF0470 002325 (v02 VBOX   VBOXBIOS 00000002 INTL 20200925)
[    0.001288] ACPI: FACS 0x00000000DFFF0200 000040
[    0.001289] ACPI: FACS 0x00000000DFFF0200 000040
[    0.001291] ACPI: APIC 0x00000000DFFF0240 000054 (v02 VBOX   VBOXAPIC 00000001 ASL  00000061)
[    0.001293] ACPI: SSDT 0x00000000DFFF02A0 0001CC (v01 VBOX   VBOXCPUT 00000002 INTL 20200925)
[    0.001296] ACPI: Reserving FACP table memory at [mem 0xdfff00f0-0xdfff01e3]
[    0.001297] ACPI: Reserving DSDT table memory at [mem 0xdfff0470-0xdfff2794]
[    0.001297] ACPI: Reserving FACS table memory at [mem 0xdfff0200-0xdfff023f]
[    0.001297] ACPI: Reserving FACS table memory at [mem 0xdfff0200-0xdfff023f]
[    0.001298] ACPI: Reserving APIC table memory at [mem 0xdfff0240-0xdfff0293]
[    0.001298] ACPI: Reserving SSDT table memory at [mem 0xdfff02a0-0xdfff046b]
[    0.001444] No NUMA configuration found
[    0.001445] Faking a node at [mem 0x0000000000000000-0x000000021fffffff]
[    0.001446] NODE_DATA(0) allocated [mem 0x21fff8000-0x21fffbfff]
[    0.001456] Zone ranges:
[    0.001457]   DMA      [mem 0x0000000000001000-0x0000000000ffffff]
[    0.001458]   DMA32    [mem 0x0000000001000000-0x00000000ffffffff]
[    0.001458]   Normal   [mem 0x0000000100000000-0x000000021fffffff]
[    0.001459] Movable zone start for each node
[    0.001459] Early memory node ranges
[    0.001460]   node   0: [mem 0x0000000000001000-0x000000000009efff]
[    0.001460]   node   0: [mem 0x0000000000100000-0x00000000dffeffff]
[    0.001461]   node   0: [mem 0x0000000100000000-0x000000021fffffff]
[    0.001462] Initmem setup node 0 [mem 0x0000000000001000-0x000000021fffffff]
[    0.002047] On node 0, zone DMA: 1 pages in unavailable ranges
[    0.002060] On node 0, zone DMA: 97 pages in unavailable ranges
[    0.040371] On node 0, zone Normal: 16 pages in unavailable ranges
[    0.040636] ACPI: PM-Timer IO Port: 0x4008
[    0.040675] IOAPIC[0]: apic_id 1, version 32, address 0xfec00000, GSI 0-23
[    0.040677] ACPI: INT_SRC_OVR (bus 0 bus_irq 0 global_irq 2 dfl dfl)
[    0.040678] ACPI: INT_SRC_OVR (bus 0 bus_irq 9 global_irq 9 low level)
[    0.040681] ACPI: Using ACPI (MADT) for SMP configuration information
[    0.040686] smpboot: Allowing 1 CPUs, 0 hotplug CPUs
[    0.040700] PM: hibernation: Registered nosave memory: [mem 0x00000000-0x00000fff]
[    0.040701] PM: hibernation: Registered nosave memory: [mem 0x0009f000-0x0009ffff]
[    0.040701] PM: hibernation: Registered nosave memory: [mem 0x000a0000-0x000effff]
[    0.040702] PM: hibernation: Registered nosave memory: [mem 0x000f0000-0x000fffff]
[    0.040702] PM: hibernation: Registered nosave memory: [mem 0xdfff0000-0xdfffffff]
[    0.040703] PM: hibernation: Registered nosave memory: [mem 0xe0000000-0xfebfffff]
[    0.040703] PM: hibernation: Registered nosave memory: [mem 0xfec00000-0xfec00fff]
[    0.040704] PM: hibernation: Registered nosave memory: [mem 0xfec01000-0xfedfffff]
[    0.040704] PM: hibernation: Registered nosave memory: [mem 0xfee00000-0xfee00fff]
[    0.040704] PM: hibernation: Registered nosave memory: [mem 0xfee01000-0xfffbffff]
[    0.040705] PM: hibernation: Registered nosave memory: [mem 0xfffc0000-0xffffffff]
[    0.040705] [mem 0xe0000000-0xfebfffff] available for PCI devices
[    0.040706] Booting paravirtualized kernel on KVM
[    0.040707] clocksource: refined-jiffies: mask: 0xffffffff max_cycles: 0xffffffff, max_idle_ns: 1910969940391419 ns
[    0.044596] setup_percpu: NR_CPUS:64 nr_cpumask_bits:1 nr_cpu_ids:1 nr_node_ids:1
[    0.045245] percpu: Embedded 54 pages/cpu s181416 r8192 d31576 u2097152
[    0.045249] pcpu-alloc: s181416 r8192 d31576 u2097152 alloc=1*2097152
[    0.045250] pcpu-alloc: [0] 0 
[    0.045263] Fallback order for Node 0: 0 
[    0.045265] Built 1 zonelists, mobility grouping on.  Total pages: 2064112
[    0.045266] Policy zone: Normal
[    0.045266] Kernel command line: BOOT_IMAGE=/vmlinuz-next-20221202 root=/dev/sda3 ro
[    0.045283] Unknown kernel command line parameters "BOOT_IMAGE=/vmlinuz-next-20221202", will be passed to user space.
[    0.045301] random: crng init done
[    0.047707] Dentry cache hash table entries: 1048576 (order: 11, 8388608 bytes, linear)
[    0.048716] Inode-cache hash table entries: 524288 (order: 10, 4194304 bytes, linear)
[    0.048747] mem auto-init: stack:all(zero), heap alloc:off, heap free:off
[    0.048751] software IO TLB: area num 1.
[    0.089095] Memory: 8138316K/8388152K available (18432K kernel code, 2649K rwdata, 6264K rodata, 2480K init, 1896K bss, 249576K reserved, 0K cma-reserved)
[    0.089127] SLUB: HWalign=64, Order=0-3, MinObjects=0, CPUs=1, Nodes=1
[    0.089135] Kernel/User page tables isolation: enabled
[    0.090050] Dynamic Preempt: voluntary
[    0.090492] rcu: Preemptible hierarchical RCU implementation.
[    0.090493] rcu: 	RCU event tracing is enabled.
[    0.090493] rcu: 	RCU restricting CPUs from NR_CPUS=64 to nr_cpu_ids=1.
[    0.090494] 	Trampoline variant of Tasks RCU enabled.
[    0.090494] rcu: RCU calculated value of scheduler-enlistment delay is 100 jiffies.
[    0.090495] rcu: Adjusting geometry for rcu_fanout_leaf=16, nr_cpu_ids=1
[    0.091209] NR_IRQS: 4352, nr_irqs: 256, preallocated irqs: 16
[    0.091359] rcu: srcu_init: Setting srcu_struct sizes based on contention.
[    0.094938] Console: colour VGA+ 80x25
[    0.094940] printk: console [tty0] enabled
[    0.113507] ACPI: Core revision 20221020
[    0.113684] APIC: Switch to symmetric I/O mode setup
[    0.114010] x2apic enabled
[    0.114264] Switched APIC routing to physical x2apic.
[    0.115165] ..TIMER: vector=0x30 apic1=0 pin1=2 apic2=-1 pin2=-1
[    0.115339] clocksource: tsc-early: mask: 0xffffffffffffffff max_cycles: 0x1e71768ef8b, max_idle_ns: 440795218977 ns
[    0.115603] Calibrating delay loop (skipped) preset value.. 4223.99 BogoMIPS (lpj=2111998)
[    0.115824] pid_max: default: 32768 minimum: 301
[    0.115966] LSM: initializing lsm=capability,integrity
[    0.116128] Mount-cache hash table entries: 16384 (order: 5, 131072 bytes, linear)
[    0.116345] Mountpoint-cache hash table entries: 16384 (order: 5, 131072 bytes, linear)
[    0.116599] process: using mwait in idle threads
[    0.116599] Last level iTLB entries: 4KB 0, 2MB 0, 4MB 0
[    0.116599] Last level dTLB entries: 4KB 0, 2MB 0, 4MB 0, 1GB 0
[    0.116599] Spectre V1 : Mitigation: usercopy/swapgs barriers and __user pointer sanitization
[    0.116599] Spectre V2 : Mitigation: Retpolines
[    0.116599] Spectre V2 : Spectre v2 / SpectreRSB mitigation: Filling RSB on context switch
[    0.116599] Spectre V2 : Spectre v2 / SpectreRSB : Filling RSB on VMEXIT
[    0.116599] Speculative Store Bypass: Vulnerable
[    0.116599] MDS: Mitigation: Clear CPU buffers
[    0.134095] Freeing SMP alternatives memory: 48K
[    0.238376] smpboot: CPU0: 12th Gen Intel(R) Core(TM) i7-12700 (family: 0x6, model: 0x97, stepping: 0x2)
[    0.238599] cblist_init_generic: Setting adjustable number of callback queues.
[    0.238599] cblist_init_generic: Setting shift to 0 and lim to 1.
[    0.238599] Performance Events: unsupported p6 CPU model 151 no PMU driver, software events only.
[    0.238599] rcu: Hierarchical SRCU implementation.
[    0.238599] rcu: 	Max phase no-delay instances is 400.
[    0.238599] smp: Bringing up secondary CPUs ...
[    0.238599] smp: Brought up 1 node, 1 CPU
[    0.238599] smpboot: Max logical packages: 1
[    0.238599] smpboot: Total of 1 processors activated (4223.99 BogoMIPS)
[    0.238599] devtmpfs: initialized
[    0.238599] clocksource: jiffies: mask: 0xffffffff max_cycles: 0xffffffff, max_idle_ns: 1911260446275000 ns
[    0.238599] futex hash table entries: 256 (order: 2, 16384 bytes, linear)
[    0.238602] PM: RTC time: 09:53:48, date: 2022-12-05
[    0.238813] NET: Registered PF_NETLINK/PF_ROUTE protocol family
[    0.239047] thermal_sys: Registered thermal governor 'step_wise'
[    0.239048] thermal_sys: Registered thermal governor 'user_space'
[    0.239228] cpuidle: using governor menu
[    0.239616] PCI: Using configuration type 1 for base access
[    0.239834] kprobes: kprobe jump-optimization is enabled. All kprobes are optimized if possible.
[    0.289475] HugeTLB: registered 2.00 MiB page size, pre-allocated 0 pages
[    0.289599] HugeTLB: 28 KiB vmemmap can be freed for a 2.00 MiB page
[    0.289599] ACPI: Added _OSI(Module Device)
[    0.289600] ACPI: Added _OSI(Processor Device)
[    0.289734] ACPI: Added _OSI(3.0 _SCP Extensions)
[    0.289870] ACPI: Added _OSI(Processor Aggregator Device)
[    0.290966] ACPI: 2 ACPI AML tables successfully acquired and loaded
[    0.291647] ACPI: Interpreter enabled
[    0.291772] ACPI: PM: (supports S0 S5)
[    0.291892] ACPI: Using IOAPIC for interrupt routing
[    0.292093] PCI: Using host bridge windows from ACPI; if necessary, use "pci=nocrs" and report a bug
[    0.292329] PCI: Using E820 reservations for host bridge windows
[    0.292527] ACPI: Enabled 2 GPEs in block 00 to 07
[    0.294079] ACPI: PCI Root Bridge [PCI0] (domain 0000 [bus 00-ff])
[    0.294246] acpi PNP0A03:00: _OSC: OS supports [ASPM ClockPM Segments MSI HPX-Type3]
[    0.294457] acpi PNP0A03:00: _OSC: not requesting OS control; OS requires [ExtendedConfig ASPM ClockPM MSI]
[    0.294599] acpi PNP0A03:00: fail to add MMCONFIG information, can't access extended PCI configuration space under this bridge.
[    0.294640] PCI host bridge to bus 0000:00
[    0.294766] pci_bus 0000:00: root bus resource [io  0x0000-0x0cf7 window]
[    0.294939] pci_bus 0000:00: root bus resource [io  0x0d00-0xffff window]
[    0.295111] pci_bus 0000:00: root bus resource [mem 0x000a0000-0x000bffff window]
[    0.295317] pci_bus 0000:00: root bus resource [mem 0xe0000000-0xfdffffff window]
[    0.295523] pci_bus 0000:00: root bus resource [bus 00-ff]
[    0.295681] pci 0000:00:00.0: [8086:1237] type 00 class 0x060000
[    0.296835] pci 0000:00:01.0: [8086:7000] type 00 class 0x060100
[    0.297334] pci 0000:00:01.1: [8086:7111] type 00 class 0x01018a
[    0.297685] pci 0000:00:01.1: reg 0x20: [io  0xd000-0xd00f]
[    0.297920] pci 0000:00:01.1: legacy IDE quirk: reg 0x10: [io  0x01f0-0x01f7]
[    0.298100] pci 0000:00:01.1: legacy IDE quirk: reg 0x14: [io  0x03f6]
[    0.298268] pci 0000:00:01.1: legacy IDE quirk: reg 0x18: [io  0x0170-0x0177]
[    0.298447] pci 0000:00:01.1: legacy IDE quirk: reg 0x1c: [io  0x0376]
[    0.298685] pci 0000:00:02.0: [15ad:0405] type 00 class 0x030000
[    0.301616] pci 0000:00:02.0: reg 0x10: [io  0xd010-0xd01f]
[    0.304618] pci 0000:00:02.0: reg 0x14: [mem 0xe0000000-0xe0ffffff pref]
[    0.307616] pci 0000:00:02.0: reg 0x18: [mem 0xf0000000-0xf01fffff]
[    0.319612] pci 0000:00:02.0: Video device with shadowed ROM at [mem 0x000c0000-0x000dffff]
[    0.321632] pci 0000:00:03.0: [8086:100e] type 00 class 0x020000
[    0.323633] pci 0000:00:03.0: reg 0x10: [mem 0xf0200000-0xf021ffff]
[    0.327626] pci 0000:00:03.0: reg 0x18: [io  0xd020-0xd027]
[    0.339780] pci 0000:00:04.0: [80ee:cafe] type 00 class 0x088000
[    0.341616] pci 0000:00:04.0: reg 0x10: [io  0xd040-0xd05f]
[    0.342661] pci 0000:00:04.0: reg 0x14: [mem 0xf0400000-0xf07fffff]
[    0.345620] pci 0000:00:04.0: reg 0x18: [mem 0xf0800000-0xf0803fff pref]
[    0.354752] pci 0000:00:05.0: [8086:2415] type 00 class 0x040100
[    0.355657] pci 0000:00:05.0: reg 0x10: [io  0xd100-0xd1ff]
[    0.355847] pci 0000:00:05.0: reg 0x14: [io  0xd200-0xd23f]
[    0.356264] pci 0000:00:06.0: [106b:003f] type 00 class 0x0c0310
[    0.357616] pci 0000:00:06.0: reg 0x10: [mem 0xf0804000-0xf0804fff]
[    0.375719] pci 0000:00:07.0: [8086:7113] type 00 class 0x068000
[    0.376830] pci 0000:00:07.0: quirk: [io  0x4000-0x403f] claimed by PIIX4 ACPI
[    0.377036] pci 0000:00:07.0: quirk: [io  0x4100-0x410f] claimed by PIIX4 SMB
[    0.377340] pci 0000:00:0b.0: [8086:265c] type 00 class 0x0c0320
[    0.379631] pci 0000:00:0b.0: reg 0x10: [mem 0xf0805000-0xf0805fff]
[    0.392761] pci 0000:00:0d.0: [8086:2829] type 00 class 0x010601
[    0.395636] pci 0000:00:0d.0: reg 0x10: [io  0xd240-0xd247]
[    0.397635] pci 0000:00:0d.0: reg 0x14: [io  0xd248-0xd24b]
[    0.400635] pci 0000:00:0d.0: reg 0x18: [io  0xd250-0xd257]
[    0.403623] pci 0000:00:0d.0: reg 0x1c: [io  0xd258-0xd25b]
[    0.405624] pci 0000:00:0d.0: reg 0x20: [io  0xd260-0xd26f]
[    0.407623] pci 0000:00:0d.0: reg 0x24: [mem 0xf0806000-0xf0807fff]
[    0.413854] ACPI: PCI: Interrupt link LNKA configured for IRQ 11
[    0.414122] ACPI: PCI: Interrupt link LNKB configured for IRQ 10
[    0.414330] ACPI: PCI: Interrupt link LNKC configured for IRQ 9
[    0.414650] ACPI: PCI: Interrupt link LNKD configured for IRQ 11
[    0.414905] iommu: Default domain type: Translated 
[    0.415043] iommu: DMA domain TLB invalidation policy: lazy mode 
[    0.415259] SCSI subsystem initialized
[    0.415433] libata version 3.00 loaded.
[    0.415455] ACPI: bus type USB registered
[    0.415585] usbcore: registered new interface driver usbfs
[    0.415599] usbcore: registered new interface driver hub
[    0.415599] usbcore: registered new device driver usb
[    0.415599] pps_core: LinuxPPS API ver. 1 registered
[    0.415599] pps_core: Software ver. 5.3.6 - Copyright 2005-2007 Rodolfo Giometti <giometti@linux.it>
[    0.415599] PTP clock support registered
[    0.415599] Advanced Linux Sound Architecture Driver Initialized.
[    0.415599] NetLabel: Initializing
[    0.415599] NetLabel:  domain hash size = 128
[    0.415599] NetLabel:  protocols = UNLABELED CIPSOv4 CALIPSO
[    0.415599] NetLabel:  unlabeled traffic allowed by default
[    0.415599] PCI: Using ACPI for IRQ routing
[    0.415599] PCI: pci_cache_line_size set to 64 bytes
[    0.416679] e820: reserve RAM buffer [mem 0x0009fc00-0x0009ffff]
[    0.416681] e820: reserve RAM buffer [mem 0xdfff0000-0xdfffffff]
[    0.416701] pci 0000:00:02.0: vgaarb: setting as boot VGA device
[    0.416858] pci 0000:00:02.0: vgaarb: bridge control possible
[    0.417009] pci 0000:00:02.0: vgaarb: VGA device added: decodes=io+mem,owns=io+mem,locks=none
[    0.417230] vgaarb: loaded
[    0.417611] clocksource: Switched to clocksource kvm-clock
[    0.422709] VFS: Disk quotas dquot_6.6.0
[    0.422839] VFS: Dquot-cache hash table entries: 512 (order 0, 4096 bytes)
[    0.423034] pnp: PnP ACPI init
[    0.423466] pnp: PnP ACPI: found 2 devices
[    0.428975] clocksource: acpi_pm: mask: 0xffffff max_cycles: 0xffffff, max_idle_ns: 2085701024 ns
[    0.429277] NET: Registered PF_INET protocol family
[    0.429478] IP idents hash table entries: 131072 (order: 8, 1048576 bytes, linear)
[    0.429972] tcp_listen_portaddr_hash hash table entries: 4096 (order: 4, 65536 bytes, linear)
[    0.429972] Table-perturb hash table entries: 65536 (order: 6, 262144 bytes, linear)
[    0.429972] TCP established hash table entries: 65536 (order: 7, 524288 bytes, linear)
[    0.431641] TCP bind hash table entries: 65536 (order: 9, 2097152 bytes, linear)
[    0.432333] TCP: Hash tables configured (established 65536 bind 65536)
[    0.432514] UDP hash table entries: 4096 (order: 5, 131072 bytes, linear)
[    0.432689] UDP-Lite hash table entries: 4096 (order: 5, 131072 bytes, linear)
[    0.432908] NET: Registered PF_UNIX/PF_LOCAL protocol family
[    0.433109] RPC: Registered named UNIX socket transport module.
[    0.433258] RPC: Registered udp transport module.
[    0.433258] RPC: Registered tcp transport module.
[    0.433258] RPC: Registered tcp NFSv4.1 backchannel transport module.
[    0.433258] pci_bus 0000:00: resource 4 [io  0x0000-0x0cf7 window]
[    0.433258] pci_bus 0000:00: resource 5 [io  0x0d00-0xffff window]
[    0.433258] pci_bus 0000:00: resource 6 [mem 0x000a0000-0x000bffff window]
[    0.433258] pci_bus 0000:00: resource 7 [mem 0xe0000000-0xfdffffff window]
[    0.434730] pci 0000:00:00.0: Limiting direct PCI/PCI transfers
[    0.436034] PCI: CLS 0 bytes, default 64
[    0.436182] PCI-DMA: Using software bounce buffering for IO (SWIOTLB)
[    0.436347] software IO TLB: mapped [mem 0x00000000dbff0000-0x00000000dfff0000] (64MB)
[    0.436591] RAPL PMU: API unit is 2^-32 Joules, 0 fixed counters, 10737418240 ms ovfl timer
[    0.436618] clocksource: tsc: mask: 0xffffffffffffffff max_cycles: 0x1e71768ef8b, max_idle_ns: 440795218977 ns
[    0.436618] clocksource: Switched to clocksource tsc
[    0.436618] platform rtc_cmos: registered platform RTC device (no PNP device found)
[    0.436618] Initialise system trusted keyrings
[    0.436618] workingset: timestamp_bits=40 max_order=21 bucket_order=0
[    0.436618] NFS: Registering the id_resolver key type
[    0.436618] Key type id_resolver registered
[    0.436618] Key type id_legacy registered
[    0.436618] 9p: Installing v9fs 9p2000 file system support
[    0.436618] Key type asymmetric registered
[    0.436618] Asymmetric key parser 'x509' registered
[    0.436618] Block layer SCSI generic (bsg) driver version 0.4 loaded (major 251)
[    0.436618] io scheduler mq-deadline registered
[    0.436618] io scheduler kyber registered
[    0.443944] ACPI: AC: AC Adapter [AC] (on-line)
[    0.444102] input: Power Button as /devices/LNXSYSTM:00/LNXPWRBN:00/input/input0
[    0.444325] ACPI: button: Power Button [PWRF]
[    0.444492] input: Sleep Button as /devices/LNXSYSTM:00/LNXSLPBN:00/input/input1
[    0.444700] ACPI: button: Sleep Button [SLPF]
[    0.444873] ACPI: video: Video Device [GFX0] (multi-head: yes  rom: no  post: no)
[    0.445087] input: Video Bus as /devices/LNXSYSTM:00/LNXSYBUS:00/PNP0A03:00/LNXVIDEO:00/input/input2
[    0.445380] Serial: 8250/16550 driver, 4 ports, IRQ sharing enabled
[    0.445664] Non-volatile memory driver v1.3
[    0.445797] Linux agpgart interface v0.103
[    0.445970] ACPI: bus type drm_connector registered
[    0.448090] loop: module loaded
[    0.448232] ahci 0000:00:0d.0: version 3.0
[    0.448473] ahci 0000:00:0d.0: SSS flag set, parallel bus scan disabled
[    0.448705] ahci 0000:00:0d.0: AHCI 0001.0100 32 slots 1 ports 3 Gbps 0x1 impl SATA mode
[    0.448920] ahci 0000:00:0d.0: flags: 64bit ncq stag only ccc 
[    0.449187] scsi host0: ahci
[    0.449322] ata1: SATA max UDMA/133 abar m8192@0xf0806000 port 0xf0806100 irq 21
[    0.449535] ata_piix 0000:00:01.1: version 2.13
[    0.449733] scsi host1: ata_piix
[    0.449870] scsi host2: ata_piix
[    0.449991] ata2: PATA max UDMA/33 cmd 0x1f0 ctl 0x3f6 bmdma 0xd000 irq 14
[    0.450165] ata3: PATA max UDMA/33 cmd 0x170 ctl 0x376 bmdma 0xd008 irq 15
[    0.450883] e100: Intel(R) PRO/100 Network Driver
[    0.451019] e100: Copyright(c) 1999-2006 Intel Corporation
[    0.451168] e1000: Intel(R) PRO/1000 Network Driver
[    0.451306] e1000: Copyright (c) 1999-2006 Intel Corporation.
[    0.616975] ata3.00: ATAPI: VBOX CD-ROM, 1.0, max UDMA/133
[    0.765626] ata1: SATA link up 3.0 Gbps (SStatus 123 SControl 300)
[    0.765626] ata1.00: ATA-6: VBOX HARDDISK, 1.0, max UDMA/133
[    0.765626] ata1.00: 31457280 sectors, multi 128: LBA48 NCQ (depth 32)
[    0.765626] ata1.00: configured for UDMA/133
[    0.765626] scsi 0:0:0:0: Direct-Access     ATA      VBOX HARDDISK    1.0  PQ: 0 ANSI: 5
[    0.765626] scsi 0:0:0:0: Attached scsi generic sg0 type 0
[    0.765626] sd 0:0:0:0: [sda] 31457280 512-byte logical blocks: (16.1 GB/15.0 GiB)
[    0.765626] sd 0:0:0:0: [sda] Write Protect is off
[    0.765626] sd 0:0:0:0: [sda] Mode Sense: 00 3a 00 00
[    0.765626] sd 0:0:0:0: [sda] Write cache: enabled, read cache: enabled, doesn't support DPO or FUA
[    0.765626] sd 0:0:0:0: [sda] Preferred minimum I/O size 512 bytes
[    0.769469] e1000 0000:00:03.0 eth0: (PCI:33MHz:32-bit) 08:00:27:df:80:06
[    0.769654] e1000 0000:00:03.0 eth0: Intel(R) PRO/1000 Network Connection
[    0.769848] e1000e: Intel(R) PRO/1000 Network Driver
[    0.770018] e1000e: Copyright(c) 1999 - 2015 Intel Corporation.
[    0.770190] sky2: driver version 1.30
[    0.770635] ehci-pci 0000:00:0b.0: EHCI Host Controller
[    0.770801] ehci-pci 0000:00:0b.0: new USB bus registered, assigned bus number 1
[    0.771137] ehci-pci 0000:00:0b.0: irq 19, io mem 0xf0805000
[    0.771546] scsi 2:0:0:0: CD-ROM            VBOX     CD-ROM           1.0  PQ: 0 ANSI: 5
[    0.777690] ehci-pci 0000:00:0b.0: USB 2.0 started, EHCI 1.00
[    0.777906] usb usb1: New USB device found, idVendor=1d6b, idProduct=0002, bcdDevice= 6.01
[    0.778139] usb usb1: New USB device strings: Mfr=3, Product=2, SerialNumber=1
[    0.778352] usb usb1: Product: EHCI Host Controller
[    0.778499] usb usb1: Manufacturer: Linux 6.1.0-rc7-next-20221202 ehci_hcd
[    0.778660] usb usb1: SerialNumber: 0000:00:0b.0
[    0.778660] hub 1-0:1.0: USB hub found
[    0.778660] hub 1-0:1.0: 12 ports detected
[    0.778660] ohci-pci 0000:00:06.0: OHCI PCI host controller
[    0.778660] ohci-pci 0000:00:06.0: new USB bus registered, assigned bus number 2
[    0.778660] ohci-pci 0000:00:06.0: irq 22, io mem 0xf0804000
[    0.785974] sr 2:0:0:0: [sr0] scsi3-mmc drive: 32x/32x xa/form2 tray
[    0.786161] cdrom: Uniform CD-ROM driver Revision: 3.20
[    0.800109] sr 2:0:0:0: Attached scsi CD-ROM sr0
[    0.800254] sr 2:0:0:0: Attached scsi generic sg1 type 5
[    0.832353] usb usb2: New USB device found, idVendor=1d6b, idProduct=0001, bcdDevice= 6.01
[    0.832600] usb usb2: New USB device strings: Mfr=3, Product=2, SerialNumber=1
[    0.832813] usb usb2: Product: OHCI PCI host controller
[    0.832966] usb usb2: Manufacturer: Linux 6.1.0-rc7-next-20221202 ohci_hcd
[    0.833003] usb usb2: SerialNumber: 0000:00:06.0
[    0.833003] hub 2-0:1.0: USB hub found
[    0.833003] hub 2-0:1.0: 12 ports detected
[    0.833880] usbcore: registered new interface driver usblp
[    0.834042] usbcore: registered new interface driver usb-storage
[    0.834233] i8042: PNP: PS/2 Controller [PNP0303:PS2K,PNP0f03:PS2M] at 0x60,0x64 irq 1,12
[    0.834681] serio: i8042 KBD port at 0x60,0x64 irq 1
[    0.834681] serio: i8042 AUX port at 0x60,0x64 irq 12
[    0.835277] input: AT Translated Set 2 keyboard as /devices/platform/i8042/serio0/input/input3
[    0.836227] rtc_cmos rtc_cmos: registered as rtc0
[    0.836410] rtc_cmos rtc_cmos: alarms up to one day, 114 bytes nvram
[    0.836596] fail to initialize ptp_kvm
[    0.836616] device-mapper: ioctl: 4.47.0-ioctl (2022-07-28) initialised: dm-devel@redhat.com
[    0.836664] intel_pstate: CPU model not supported
[    0.836664] hid: raw HID events driver (C) Jiri Kosina
[    0.836664] usbcore: registered new interface driver usbhid
[    0.836664] usbhid: USB HID core driver
[    0.839176] Initializing XFRM netlink socket
[    0.839332] NET: Registered PF_INET6 protocol family
[    0.839596] Segment Routing with IPv6
[    0.839724] In-situ OAM (IOAM) with IPv6
[    0.839867] sit: IPv6, IPv4 and MPLS over IPv4 tunneling driver
[    0.840047] NET: Registered PF_PACKET protocol family
[    0.840047] 9pnet: Installing 9P2000 support
[    0.840047] Key type dns_resolver registered
[    0.840047] IPI shorthand broadcast: enabled
[    0.840047] sched_clock: Marking stable (814854735, 24192717)->(847399236, -8351784)
[    0.841976] registered taskstats version 1
[    0.842116] Loading compiled-in X.509 certificates
[    0.842879] PM:   Magic number: 2:704:878
[    0.843065] printk: console [netcon0] enabled
[    0.843204] netconsole: network logging started
[    0.843395] cfg80211: Loading compiled-in X.509 certificates for regulatory database
[    0.843734] kworker/u2:2 (46) used greatest stack depth: 14672 bytes left
[    0.844032] cfg80211: Loaded X.509 cert 'sforshee: 00b28ddf47aef9cea7'
[    0.844216] ALSA device list:
[    0.844356]   No soundcards found.
[    0.844576] platform regulatory.0: Direct firmware load for regulatory.db failed with error -2
[    0.844826] cfg80211: failed to load regulatory.db
[    1.044449] input: ImExPS/2 Generic Explorer Mouse as /devices/platform/i8042/serio1/input/input5
[    1.125813] usb 2-1: new full-speed USB device number 2 using ohci-pci
[    1.172970]  sda: sda1 sda2 sda3
[    1.173173] sd 0:0:0:0: [sda] Attached SCSI disk
[    1.173318] md: Waiting for all devices to be available before autodetect
[    1.173492] md: If you don't use raid, use raid=noautodetect
[    1.173646] md: Autodetecting RAID arrays.
[    1.173772] md: autorun ...
[    1.173897] md: ... autorun DONE.
[    1.355742] usb 2-1: New USB device found, idVendor=80ee, idProduct=0021, bcdDevice= 1.00
[    1.355979] usb 2-1: New USB device strings: Mfr=1, Product=3, SerialNumber=0
[    1.356164] usb 2-1: Product: USB Tablet
[    1.356291] usb 2-1: Manufacturer: VirtualBox
[    1.367461] input: VirtualBox USB Tablet as /devices/pci0000:00/0000:00:06.0/usb2/2-1/2-1:1.0/0003:80EE:0021.0001/input/input6
[    1.367778] hid-generic 0003:80EE:0021.0001: input,hidraw0: USB HID v1.10 Mouse [VirtualBox USB Tablet] on usb-0000:00:06.0-1/input0
[    4.003352] EXT4-fs (sda3): INFO: recovery required on readonly filesystem
[    4.003539] EXT4-fs (sda3): write access will be enabled during recovery
[   77.909703] EXT4-fs (sda3): recovery complete
[   79.033090] EXT4-fs (sda3): mounted filesystem with ordered data mode. Quota mode: none.
[   79.033402] VFS: Mounted root (ext4 filesystem) readonly on device 8:3.
[   79.499287] devtmpfs: mounted
[   79.499649] Freeing unused kernel image (initmem) memory: 2480K
[   79.499843] Write protecting the kernel read-only data: 26624k
[   79.500263] Freeing unused kernel image (rodata/data gap) memory: 1928K
[   79.527902] x86/mm: Checked W+X mappings: passed, no W+X pages found.
[   79.528070] x86/mm: Checking user space page tables
[   79.553786] x86/mm: Checked W+X mappings: passed, no W+X pages found.
[   79.553949] Run /sbin/init as init process
[   79.554098]   with arguments:
[   79.554099]     /sbin/init
[   79.554099]   with environment:
[   79.554099]     HOME=/
[   79.554100]     TERM=linux
[   79.554100]     BOOT_IMAGE=/vmlinuz-next-20221202
[  125.483266] systemd[1]: RTC configured in localtime, applying delta of 60 minutes to system time.
[  129.272478] systemd[1]: systemd 251 running in system mode (-PAM -AUDIT -SELINUX -APPARMOR +IMA +SMACK -SECCOMP -GCRYPT -GNUTLS +OPENSSL +ACL +BLKID -CURL -ELFUTILS -FIDO2 -IDN2 -IDN -IPTC +KMOD -LIBCRYPTSETUP +LIBFDISK -PCRE2 -PWQUALITY -P11KIT -QRENCODE -TPM2 +BZIP2 -LZ4 +XZ +ZLIB +ZSTD -BPF_FRAMEWORK -XKBCOMMON +UTMP +SYSVINIT default-hierarchy=unified)
[  129.273325] systemd[1]: Detected virtualization oracle.
[  129.273500] systemd[1]: Detected architecture x86-64.
[  130.213995] systemd[1]: Hostname set to <corozco>.
[  134.591035] systemd-system- (60) used greatest stack depth: 13376 bytes left
[  218.724492] ata1.00: exception Emask 0x0 SAct 0x20000 SErr 0x0 action 0x6 frozen
[  218.724750] ata1.00: failed command: READ FPDMA QUEUED
[  218.724930] ata1.00: cmd 60/08:88:c0:9e:4c/00:00:01:00:00/40 tag 17 ncq dma 4096 in
                        res 40/00:00:00:00:00/00:00:00:00:00/00 Emask 0x4 (timeout)
[  218.725335] ata1.00: status: { DRDY }
[  218.725474] ata1: hard resetting link
[  219.035078] ata1: SATA link up 3.0 Gbps (SStatus 123 SControl 300)
[  219.035478] ata1.00: configured for UDMA/133
[  219.035644] ata1.00: device reported invalid CHS sector 0
[  219.035842] sd 0:0:0:0: [sda] tag#17 FAILED Result: hostbyte=DID_OK driverbyte=DRIVER_OK cmd_age=30s
[  219.036145] sd 0:0:0:0: [sda] tag#17 Sense Key : Illegal Request [current] 
[  219.036377] sd 0:0:0:0: [sda] tag#17 Add. Sense: Unaligned write command
[  219.036758] sd 0:0:0:0: [sda] tag#17 CDB: Read(10) 28 00 01 4c 9e c0 00 00 08 00
[  219.037020] I/O error, dev sda, sector 21798592 op 0x0:(READ) flags 0x80700 phys_seg 1 prio class 2
[  219.037328] ata1: EH complete
[  244.297536] systemd[1]: Queued start job for default target Graphical Interface.
[  244.299911] systemd[1]: Created slice Slice /system/getty.
[  244.300484] systemd[1]: Created slice Slice /system/modprobe.
[  244.300982] systemd[1]: Created slice Slice /system/systemd-fsck.
[  244.301472] systemd[1]: Created slice User and Session Slice.
[  244.301892] systemd[1]: Started Dispatch Password Requests to Console Directory Watch.
[  244.302414] systemd[1]: Started Forward Password Requests to Wall Directory Watch.
[  244.302970] systemd[1]: Set up automount Arbitrary Executable File Formats File System Automount Point.
[  244.303837] systemd[1]: Reached target Path Units.
[  244.304205] systemd[1]: Reached target Remote File Systems.
[  244.304593] systemd[1]: Reached target Slice Units.
[  244.588500] systemd[1]: Listening on Process Core Dump Socket.
[  244.589001] systemd[1]: Listening on initctl Compatibility Named Pipe.
[  250.164923] systemd[1]: Journal Audit Socket was skipped because of a failed condition check (ConditionSecurity=audit).
[  250.165403] systemd[1]: Listening on Journal Socket (/dev/log).
[  250.165877] systemd[1]: Listening on Journal Socket.
[  250.166308] systemd[1]: Listening on Network Service Netlink Socket.
[  250.166761] systemd[1]: Listening on Userspace Out-Of-Memory (OOM) Killer Socket.
[  250.596727] systemd[1]: Listening on udev Control Socket.
[  250.597225] systemd[1]: Listening on udev Kernel Socket.
[  250.599706] systemd[1]: Mounting Huge Pages File System...
[  250.600524] systemd[1]: Mounting POSIX Message Queue File System...
[  250.601334] systemd[1]: Mounting Kernel Debug File System...
[  250.602094] systemd[1]: Mounting Kernel Trace File System...
[  250.602539] systemd[1]: Create List of Static Device Nodes was skipped because of a failed condition check (ConditionFileNotEmpty=/lib/modules/6.1.0-rc7-next-20221202/modules.devname).
[  250.603387] systemd[1]: Starting Load Kernel Module configfs...
[  250.604213] systemd[1]: Starting Load Kernel Module drm...
[  250.604983] systemd[1]: Starting Load Kernel Module fuse...
[  250.605738] systemd[1]: Starting File System Check on Root Device...
[  250.606233] systemd[1]: systemd-journald.service: unit configures an IP firewall, but the local system does not support BPF/cgroup firewalling.
[  250.606592] systemd[1]: (This warning is only shown for the first unit using IP firewalling.)
[  250.607169] systemd[1]: Starting Journal Service...
[  251.425008] systemd[1]: Load Kernel Modules was skipped because all trigger condition checks failed.
[  251.427696] systemd[1]: Starting Generate network units from Kernel command line...
[  251.428350] systemd[1]: Repartition Root Disk was skipped because all trigger condition checks failed.
[  251.429083] systemd[1]: Starting Apply Kernel Variables...
[  251.429850] systemd[1]: Starting Create Static Device Nodes in /dev...
[  251.430637] systemd[1]: Starting Coldplug All udev Devices...
[  251.431816] systemd[1]: modprobe@configfs.service: Deactivated successfully.
[  251.432541] systemd[1]: Finished Load Kernel Module configfs.
[  251.433052] systemd[1]: modprobe@drm.service: Deactivated successfully.
[  251.433753] systemd[1]: Finished Load Kernel Module drm.
[  251.434275] systemd[1]: modprobe@fuse.service: Deactivated successfully.
[  251.434538] systemd[1]: Finished Load Kernel Module fuse.
[  251.434999] systemd[1]: FUSE Control File System was skipped because of a failed condition check (ConditionPathExists=/sys/fs/fuse/connections).
[  251.435393] systemd[1]: Kernel Configuration File System was skipped because of a failed condition check (ConditionPathExists=/sys/kernel/config).
[  251.662275] systemd[1]: Finished Generate network units from Kernel command line.
[  251.662736] systemd[1]: Reached target Preparation for Network.
[  252.475521] systemd[1]: Started Journal Service.
[  274.481291] EXT4-fs (sda3): re-mounted. Quota mode: none.
[  277.725293] systemd-journald[71]: Received client request to flush runtime journal.
[  279.547850] systemd-journald[71]: File /var/log/journal/a76379c750914dcda41a19d4e852cf9a/system.journal corrupted or uncleanly shut down, renaming and replacing.
[  305.901057] e1000 0000:00:03.0 enp0s3: renamed from eth0
[  310.915775] e1000: enp0s3 NIC Link is Up 1000 Mbps Full Duplex, Flow Control: RX
[  310.916244] IPv6: ADDRCONF(NETDEV_CHANGE): enp0s3: link becomes ready
[  319.631523] Adding 1048572k swap on /dev/sda2.  Priority:1 extents:1 across:1048572k 
[  331.711822] systemd-udevd (99) used greatest stack depth: 12864 bytes left
[  357.424249] EXT4-fs (sda1): mounting ext2 file system using the ext4 subsystem
[  357.646808] EXT4-fs (sda1): mounted filesystem without journal. Quota mode: none.
[ 6169.622963] kworker/dying (43) used greatest stack depth: 12336 bytes left
[17467.547387] main: loading out-of-tree module taints kernel.
[17467.547640] Hello, World!
[17467.554462] input: VirtualBox USB Tablet as /devices/pci0000:00/0000:00:06.0/usb2/2-1/2-1:1.0/0003:80EE:0021.0002/input/input7
[17467.555321] hid-generic 0003:80EE:0021.0002: input,hidraw0: USB HID v1.10 Mouse [VirtualBox USB Tablet] on usb-0000:00:06.0-1/input0
[17523.326103] input: VirtualBox USB Tablet as /devices/pci0000:00/0000:00:06.0/usb2/2-1/2-1:1.0/0003:80EE:0021.0003/input/input8
[17523.326961] hid-generic 0003:80EE:0021.0003: input,hidraw0: USB HID v1.10 Mouse [VirtualBox USB Tablet] on usb-0000:00:06.0-1/input0
[18076.011582] input: VirtualBox USB Tablet as /devices/pci0000:00/0000:00:06.0/usb2/2-1/2-1:1.0/0003:80EE:0021.0004/input/input9
[18076.012476] hid-generic 0003:80EE:0021.0004: input,hidraw0: USB HID v1.10 Mouse [VirtualBox USB Tablet] on usb-0000:00:06.0-1/input0
[20543.554049] input: AT Translated Set 2 keyboard as /devices/platform/i8042/serio0/input/input10
[20607.800982] input: AT Translated Set 2 keyboard as /devices/platform/i8042/serio0/input/input11
[20646.906105] input: AT Translated Set 2 keyboard as /devices/platform/i8042/serio0/input/input12
[22558.545098] input: AT Translated Set 2 keyboard as /devices/platform/i8042/serio0/input/input13
[22595.577074] input: AT Translated Set 2 keyboard as /devices/platform/i8042/serio0/input/input14
[22622.504717] input: AT Translated Set 2 keyboard as /devices/platform/i8042/serio0/input/input15
[22629.369164] input: AT Translated Set 2 keyboard as /devices/platform/i8042/serio0/input/input16
[22632.577504] input: AT Translated Set 2 keyboard as /devices/platform/i8042/serio0/input/input17
[22669.372638] input: AT Translated Set 2 keyboard as /devices/platform/i8042/serio0/input/input18
[22717.177534] input: AT Translated Set 2 keyboard as /devices/platform/i8042/serio0/input/input19
[22737.281283] input: AT Translated Set 2 keyboard as /devices/platform/i8042/serio0/input/input20
[22747.897036] input: AT Translated Set 2 keyboard as /devices/platform/i8042/serio0/input/input21
[22909.577062] input: AT Translated Set 2 keyboard as /devices/platform/i8042/serio0/input/input22
[23112.865223] input: AT Translated Set 2 keyboard as /devices/platform/i8042/serio0/input/input23
[23127.514372] input: AT Translated Set 2 keyboard as /devices/platform/i8042/serio0/input/input24
[23280.993429] input: AT Translated Set 2 keyboard as /devices/platform/i8042/serio0/input/input25
[23480.385665] input: AT Translated Set 2 keyboard as /devices/platform/i8042/serio0/input/input26
[23565.665138] input: AT Translated Set 2 keyboard as /devices/platform/i8042/serio0/input/input27
[23671.847347] Cleaning up module
[24464.593657] Hello, World!
[24464.604163] input: VirtualBox USB Tablet as /devices/pci0000:00/0000:00:06.0/usb2/2-1/2-1:1.0/0003:80EE:0021.0005/input/input28
[24464.604998] hid-generic 0003:80EE:0021.0005: input,hidraw0: USB HID v1.10 Mouse [VirtualBox USB Tablet] on usb-0000:00:06.0-1/input0
[24479.336635] Cleaning up module
[27859.264091] Usb K connected!
[27859.269760] input: VirtualBox USB Tablet as /devices/pci0000:00/0000:00:06.0/usb2/2-1/2-1:1.0/0003:80EE:0021.0006/input/input29
[27859.270564] hid-generic 0003:80EE:0021.0006: input,hidraw0: USB HID v1.10 Mouse [VirtualBox USB Tablet] on usb-0000:00:06.0-1/input0
[27865.692133] Usb K deconnected
[27995.647226] Invalid ELF header magic: != \x7fELF
[28004.903517] My minor number is: 255
[28033.616387] exit
